
Allocating common symbols
Common symbol       size              file

P_A_State           0x4               Alarm.o
P_PS_State          0x4               Pressure_Sensor.o
P_AM_State          0x4               Alarm_Monitor.o
AM_State_ID         0x1               Alarm_Monitor.o
P_PM_State          0x4               Pressure_Monitor.o
PM_State_ID         0x1               main.o
A_State_ID          0x1               Alarm.o
PS_State_ID         0x1               main.o

Memory Configuration

Name             Origin             Length             Attributes
flash            0x08000000         0x00020000         xr
sram             0x20000000         0x00005000         xrw
*default*        0x00000000         0xffffffff

Linker script and memory map


.text           0x08000000      0x4c4
 *(.vectors*)
 .vectors       0x08000000       0x1c startup.o
                0x08000000                vectors
 *(.text*)
 .text          0x0800001c      0x11c Alarm.o
                0x0800001c                StartAlarm
                0x08000038                StopAlarm
                0x08000054                ST_A_INIT
                0x08000098                ST_A_WAITING
                0x080000b0                ST_A_ON
                0x080000f4                ST_A_OFF
 .text          0x08000138       0x70 Alarm_Monitor.o
                0x08000138                HighPressureDetected
                0x08000154                ST_AM_OFF
                0x0800016c                ST_AM_ON
 .text          0x080001a8       0x24 Delay.o
                0x080001a8                Delay
 .text          0x080001cc       0x80 GPIO.o
                0x080001cc                GPIO_INITIALIZATION
 .text          0x0800024c       0x70 main.o
                0x0800024c                setup
                0x08000280                main
 .text          0x080002bc       0x88 Pressure_Monitor.o
                0x080002bc                setPressure
                0x080002ec                ST_PM_CHECK
 .text          0x08000344       0xc4 Pressure_Sensor.o
                0x08000344                ST_PS_INIT
                0x08000370                ST_PS_READING
                0x080003b8                ST_PS_WAITING
                0x080003f0                getPressureVal
 .text          0x08000408       0xbc startup.o
                0x08000408                Bus_fault_Handler
                0x08000408                MM_fault_Handler
                0x08000408                Usage_fault_Handler
                0x08000408                H_fault_Handler
                0x08000408                Default_Handler
                0x08000408                NMI_Handler
                0x08000414                Reset_Handler
 *(.rodata)
                0x080004c4                _E_text = .

.glue_7         0x080004c4        0x0
 .glue_7        0x00000000        0x0 linker stubs

.glue_7t        0x080004c4        0x0
 .glue_7t       0x00000000        0x0 linker stubs

.vfp11_veneer   0x080004c4        0x0
 .vfp11_veneer  0x00000000        0x0 linker stubs

.v4_bx          0x080004c4        0x0
 .v4_bx         0x00000000        0x0 linker stubs

.iplt           0x080004c4        0x0
 .iplt          0x00000000        0x0 Alarm.o

.rel.dyn        0x080004c4        0x0
 .rel.iplt      0x00000000        0x0 Alarm.o

.data           0x20000000        0xc load address 0x080004c4
                0x20000000                _S_DATA = .
 *(.data)
 .data          0x20000000        0x0 Alarm.o
 .data          0x20000000        0x4 Alarm_Monitor.o
                0x20000000                AlarmTimer
 .data          0x20000004        0x0 Delay.o
 .data          0x20000004        0x0 GPIO.o
 .data          0x20000004        0x0 main.o
 .data          0x20000004        0x4 Pressure_Monitor.o
                0x20000004                Threshold
 .data          0x20000008        0x4 Pressure_Sensor.o
                0x20000008                PressureSensorTimer
 .data          0x2000000c        0x0 startup.o
                0x2000000c                _E_DATA = .

.igot.plt       0x2000000c        0x0 load address 0x080004d0
 .igot.plt      0x00000000        0x0 Alarm.o

.bss            0x2000000c     0x1020 load address 0x080004d0
                0x2000000c                _S_bss = .
 *(.bss*)
 .bss           0x2000000c        0x0 Alarm.o
 .bss           0x2000000c        0x0 Alarm_Monitor.o
 .bss           0x2000000c        0x0 Delay.o
 .bss           0x2000000c        0x0 GPIO.o
 .bss           0x2000000c        0x0 main.o
 .bss           0x2000000c        0x4 Pressure_Monitor.o
                0x2000000c                PM_Pressure
 .bss           0x20000010        0x4 Pressure_Sensor.o
                0x20000010                Pressure
 .bss           0x20000014        0x0 startup.o
                0x20000014                . = ALIGN (0x4)
                0x20000014                _E_bss = .
                0x20001014                . = (. + 0x1000)
 *fill*         0x20000014     0x1000 
                0x20001014                _stack_top = .
 COMMON         0x20001014        0x5 Alarm.o
                0x20001014                P_A_State
                0x20001018                A_State_ID
 *fill*         0x20001019        0x3 
 COMMON         0x2000101c        0x5 Alarm_Monitor.o
                0x2000101c                P_AM_State
                0x20001020                AM_State_ID
 COMMON         0x20001021        0x2 main.o
                0x20001021                PM_State_ID
                0x20001022                PS_State_ID
 *fill*         0x20001023        0x1 
 COMMON         0x20001024        0x4 Pressure_Monitor.o
                0x20001024                P_PM_State
 COMMON         0x20001028        0x4 Pressure_Sensor.o
                0x20001028                P_PS_State
LOAD Alarm.o
LOAD Alarm_Monitor.o
LOAD Delay.o
LOAD GPIO.o
LOAD main.o
LOAD Pressure_Monitor.o
LOAD Pressure_Sensor.o
LOAD startup.o
OUTPUT(PRESSUREDET.elf elf32-littlearm)

.debug_info     0x00000000      0x995
 .debug_info    0x00000000      0x163 Alarm.o
 .debug_info    0x00000163      0x12a Alarm_Monitor.o
 .debug_info    0x0000028d       0xaa Delay.o
 .debug_info    0x00000337       0xa8 GPIO.o
 .debug_info    0x000003df      0x19f main.o
 .debug_info    0x0000057e      0x135 Pressure_Monitor.o
 .debug_info    0x000006b3      0x17a Pressure_Sensor.o
 .debug_info    0x0000082d      0x168 startup.o

.debug_abbrev   0x00000000      0x4cc
 .debug_abbrev  0x00000000       0x9f Alarm.o
 .debug_abbrev  0x0000009f       0x9f Alarm_Monitor.o
 .debug_abbrev  0x0000013e       0x5e Delay.o
 .debug_abbrev  0x0000019c       0x4d GPIO.o
 .debug_abbrev  0x000001e9       0xa5 main.o
 .debug_abbrev  0x0000028e       0xb2 Pressure_Monitor.o
 .debug_abbrev  0x00000340       0xca Pressure_Sensor.o
 .debug_abbrev  0x0000040a       0xc2 startup.o

.debug_loc      0x00000000      0x3c0
 .debug_loc     0x00000000      0x108 Alarm.o
 .debug_loc     0x00000108       0x84 Alarm_Monitor.o
 .debug_loc     0x0000018c       0x38 Delay.o
 .debug_loc     0x000001c4       0x2c GPIO.o
 .debug_loc     0x000001f0       0x58 main.o
 .debug_loc     0x00000248       0x64 Pressure_Monitor.o
 .debug_loc     0x000002ac       0xb0 Pressure_Sensor.o
 .debug_loc     0x0000035c       0x64 startup.o

.debug_aranges  0x00000000      0x100
 .debug_aranges
                0x00000000       0x20 Alarm.o
 .debug_aranges
                0x00000020       0x20 Alarm_Monitor.o
 .debug_aranges
                0x00000040       0x20 Delay.o
 .debug_aranges
                0x00000060       0x20 GPIO.o
 .debug_aranges
                0x00000080       0x20 main.o
 .debug_aranges
                0x000000a0       0x20 Pressure_Monitor.o
 .debug_aranges
                0x000000c0       0x20 Pressure_Sensor.o
 .debug_aranges
                0x000000e0       0x20 startup.o

.debug_line     0x00000000      0x46f
 .debug_line    0x00000000       0x9f Alarm.o
 .debug_line    0x0000009f       0x72 Alarm_Monitor.o
 .debug_line    0x00000111       0x59 Delay.o
 .debug_line    0x0000016a       0x81 GPIO.o
 .debug_line    0x000001eb       0x9f main.o
 .debug_line    0x0000028a       0x76 Pressure_Monitor.o
 .debug_line    0x00000300       0xc1 Pressure_Sensor.o
 .debug_line    0x000003c1       0xae startup.o

.debug_str      0x00000000      0x366
 .debug_str     0x00000000      0x141 Alarm.o
                                0x17a (size before relaxing)
 .debug_str     0x00000141       0x6e Alarm_Monitor.o
                                0x169 (size before relaxing)
 .debug_str     0x000001af       0x15 Delay.o
                                0x109 (size before relaxing)
 .debug_str     0x000001c4       0x1b GPIO.o
                                0x11f (size before relaxing)
 .debug_str     0x000001df       0x6a main.o
                                0x1ba (size before relaxing)
 .debug_str     0x00000249       0x41 Pressure_Monitor.o
                                0x16f (size before relaxing)
 .debug_str     0x0000028a       0x5c Pressure_Sensor.o
                                0x1ab (size before relaxing)
 .debug_str     0x000002e6       0x80 startup.o
                                0x172 (size before relaxing)

.comment        0x00000000       0x11
 .comment       0x00000000       0x11 Alarm.o
                                 0x12 (size before relaxing)
 .comment       0x00000000       0x12 Alarm_Monitor.o
 .comment       0x00000000       0x12 Delay.o
 .comment       0x00000000       0x12 GPIO.o
 .comment       0x00000000       0x12 main.o
 .comment       0x00000000       0x12 Pressure_Monitor.o
 .comment       0x00000000       0x12 Pressure_Sensor.o
 .comment       0x00000000       0x12 startup.o

.ARM.attributes
                0x00000000       0x33
 .ARM.attributes
                0x00000000       0x33 Alarm.o
 .ARM.attributes
                0x00000033       0x33 Alarm_Monitor.o
 .ARM.attributes
                0x00000066       0x33 Delay.o
 .ARM.attributes
                0x00000099       0x33 GPIO.o
 .ARM.attributes
                0x000000cc       0x33 main.o
 .ARM.attributes
                0x000000ff       0x33 Pressure_Monitor.o
 .ARM.attributes
                0x00000132       0x33 Pressure_Sensor.o
 .ARM.attributes
                0x00000165       0x33 startup.o

.debug_frame    0x00000000      0x2b0
 .debug_frame   0x00000000       0xa4 Alarm.o
 .debug_frame   0x000000a4       0x60 Alarm_Monitor.o
 .debug_frame   0x00000104       0x2c Delay.o
 .debug_frame   0x00000130       0x28 GPIO.o
 .debug_frame   0x00000158       0x48 main.o
 .debug_frame   0x000001a0       0x48 Pressure_Monitor.o
 .debug_frame   0x000001e8       0x7c Pressure_Sensor.o
 .debug_frame   0x00000264       0x4c startup.o
