
Memory Configuration

Name             Origin             Length             Attributes
flash            0x0000000008000000 0x0000000000020000 xr
sram             0x0000000020000000 0x0000000000005000 xrw
*default*        0x0000000000000000 0xffffffffffffffff

Linker script and memory map


.text           0x0000000008000000      0x190
 *(.vectors*)
 .vectors       0x0000000008000000       0x1c startup.o
                0x0000000008000000                vectors
 *(.text)
 .text          0x000000000800001c       0xe4 main.o
                0x000000000800001c                _sbrk
                0x0000000008000074                main
 .text          0x0000000008000100       0x90 startup.o
                0x0000000008000100                Reset_Handler
                0x0000000008000184                MM_fault_Handler
                0x0000000008000184                Usage_fault_Handler
                0x0000000008000184                Bus_fault_Handler
                0x0000000008000184                H_fault_Handler
                0x0000000008000184                Default_handler
                0x0000000008000184                NMI_Handler
 *(.rodata)
                0x0000000008000190                _E_text = .

.glue_7         0x0000000008000190        0x0
 .glue_7        0x0000000008000190        0x0 linker stubs

.glue_7t        0x0000000008000190        0x0
 .glue_7t       0x0000000008000190        0x0 linker stubs

.vfp11_veneer   0x0000000008000190        0x0
 .vfp11_veneer  0x0000000008000190        0x0 linker stubs

.v4_bx          0x0000000008000190        0x0
 .v4_bx         0x0000000008000190        0x0 linker stubs

.iplt           0x0000000008000190        0x0
 .iplt          0x0000000008000190        0x0 main.o

.rel.dyn        0x0000000008000190        0x0
 .rel.iplt      0x0000000008000190        0x0 main.o

.data           0x0000000020000000        0x4 load address 0x0000000008000190
                0x0000000020000000                _S_data = .
 *(.data)
 .data          0x0000000020000000        0x4 main.o
                0x0000000020000000                R_ODR
 .data          0x0000000020000004        0x0 startup.o
                0x0000000020000004                . = ALIGN (0x4)
                0x0000000020000004                _E_data = .

.igot.plt       0x0000000020000004        0x0 load address 0x0000000008000194
 .igot.plt      0x0000000020000004        0x0 main.o

.bss            0x0000000020000004     0x2004 load address 0x0000000008000194
                0x0000000020000004                _S_bss = .
 *(.bss)
 .bss           0x0000000020000004        0x4 main.o
 .bss           0x0000000020000008        0x0 startup.o
                0x0000000020000008                _E_bss = .
                0x0000000020000008                . = ALIGN (0x4)
                0x0000000020001008                . = (. + 0x1000)
 *fill*         0x0000000020000008     0x1000 
                0x0000000020001008                _heap_End = .
                0x0000000020001008                . = ALIGN (0x4)
                0x0000000020002008                . = (. + 0x1000)
 *fill*         0x0000000020001008     0x1000 
                0x0000000020002008                _stack_top = .
LOAD main.o
LOAD startup.o
OUTPUT(toggleLed.elf elf32-littlearm)

.debug_info     0x0000000000000000      0xc3e
 .debug_info    0x0000000000000000      0xad2 main.o
 .debug_info    0x0000000000000ad2      0x16c startup.o

.debug_abbrev   0x0000000000000000      0x2e4
 .debug_abbrev  0x0000000000000000      0x222 main.o
 .debug_abbrev  0x0000000000000222       0xc2 startup.o

.debug_loc      0x0000000000000000      0x110
 .debug_loc     0x0000000000000000       0x94 main.o
 .debug_loc     0x0000000000000094       0x7c startup.o

.debug_aranges  0x0000000000000000       0x40
 .debug_aranges
                0x0000000000000000       0x20 main.o
 .debug_aranges
                0x0000000000000020       0x20 startup.o

.debug_line     0x0000000000000000      0x584
 .debug_line    0x0000000000000000      0x392 main.o
 .debug_line    0x0000000000000392      0x1f2 startup.o

.debug_str      0x0000000000000000      0x5a5
 .debug_str     0x0000000000000000      0x52c main.o
                                        0x5a2 (size before relaxing)
 .debug_str     0x000000000000052c       0x79 startup.o
                                        0x1c4 (size before relaxing)

.comment        0x0000000000000000       0x7b
 .comment       0x0000000000000000       0x7b main.o
                                         0x7c (size before relaxing)
 .comment       0x000000000000007b       0x7c startup.o

.ARM.attributes
                0x0000000000000000       0x33
 .ARM.attributes
                0x0000000000000000       0x33 main.o
 .ARM.attributes
                0x0000000000000033       0x33 startup.o

.debug_frame    0x0000000000000000       0xa8
 .debug_frame   0x0000000000000000       0x58 main.o
 .debug_frame   0x0000000000000058       0x50 startup.o
